// Jest Snapshot v1, https://goo.gl/fbAQLP

exports[`Footer should match snapshot 1`] = `
ShallowWrapper {
  Symbol(enzyme.__root__): [Circular],
  Symbol(enzyme.__unrendered__): <Footer
    currentDisplay={
      Array [
        "registerForm",
      ]
    }
    handleLogUpdate={[MockFunction]}
    handleSignIn={[MockFunction]}
    handleSignLog={[MockFunction]}
  />,
  Symbol(enzyme.__renderer__): Object {
    "batchedUpdates": [Function],
    "getNode": [Function],
    "render": [Function],
    "simulateError": [Function],
    "simulateEvent": [Function],
    "unmount": [Function],
  },
  Symbol(enzyme.__node__): Object {
    "instance": null,
    "key": undefined,
    "nodeType": "host",
    "props": Object {
      "children": Array [
        false,
        <button
          className="sign-in-btn"
          onClick={[MockFunction]}
        >
          SignIn/SignUp
        </button>,
      ],
      "className": "Footer",
    },
    "ref": null,
    "rendered": Array [
      false,
      Object {
        "instance": null,
        "key": undefined,
        "nodeType": "host",
        "props": Object {
          "children": "SignIn/SignUp",
          "className": "sign-in-btn",
          "onClick": [MockFunction],
        },
        "ref": null,
        "rendered": "SignIn/SignUp",
        "type": "button",
      },
    ],
    "type": "footer",
  },
  Symbol(enzyme.__nodes__): Array [
    Object {
      "instance": null,
      "key": undefined,
      "nodeType": "host",
      "props": Object {
        "children": Array [
          false,
          <button
            className="sign-in-btn"
            onClick={[MockFunction]}
          >
            SignIn/SignUp
          </button>,
        ],
        "className": "Footer",
      },
      "ref": null,
      "rendered": Array [
        false,
        Object {
          "instance": null,
          "key": undefined,
          "nodeType": "host",
          "props": Object {
            "children": "SignIn/SignUp",
            "className": "sign-in-btn",
            "onClick": [MockFunction],
          },
          "ref": null,
          "rendered": "SignIn/SignUp",
          "type": "button",
        },
      ],
      "type": "footer",
    },
  ],
  Symbol(enzyme.__options__): Object {
    "adapter": ReactSixteenAdapter {
      "options": Object {
        "enableComponentDidUpdateOnSetState": true,
        "lifecycles": Object {
          "componentDidUpdate": Object {
            "onSetState": true,
          },
          "getDerivedStateFromProps": true,
          "getSnapshotBeforeUpdate": true,
          "setState": Object {
            "skipsComponentDidUpdateOnNullish": true,
          },
        },
      },
    },
  },
}
`;
